C51 COMPILER V9.60.7.0   BSP_TIMER0                                                        01/02/2026 18:35:24 PAGE 1   


C51 COMPILER V9.60.7.0, COMPILATION OF MODULE BSP_TIMER0
OBJECT MODULE PLACED IN .\Objects\bsp_timer0.obj
COMPILER INVOKED BY: E:\Keil_V5\C51\BIN\C51.EXE src\bsp_timer0.c OPTIMIZE(8,SPEED) BROWSE DEBUG OBJECTEXTEND PRINT(.\Lis
                    -tings\bsp_timer0.lst) TABS(2) OBJECT(.\Objects\bsp_timer0.obj)

line level    source

   1          // bsp_timer0.c
   2          #include <REG52.H>
   3          #include "bsp_timer0.h"
   4          
   5          static volatile u32 g_tick_ms = 0;
   6          
   7          // 以 11.0592MHz 为例：1ms重装值约 65536 - 11059 = 54477 (0xD4BD)
   8          #define T0_RELOAD_H  0xFC
   9          #define T0_RELOAD_L  0x66
  10          
  11          void BSP_Timer0_Init_1ms(void)
  12          {
  13   1          TMOD &= 0xF0;      // Timer0 mode bits clear
  14   1          TMOD |= 0x01;      // Timer0 mode1 (16-bit)
  15   1      
  16   1          TH0 = T0_RELOAD_H;
  17   1          TL0 = T0_RELOAD_L;
  18   1      
  19   1          ET0 = 1;           // enable T0 interrupt
  20   1          EA  = 1;           // global interrupt
  21   1          TR0 = 1;           // start timer0
  22   1      }
  23          
  24          u32 BSP_GetTickMs(void)
  25          {
  26   1          u32 t;
  27   1          EA = 0;            // atomic read
  28   1          t = g_tick_ms;
  29   1          EA = 1;
  30   1          return t;
  31   1      }
  32          
  33          void timer0_isr(void) interrupt 1
  34          {
  35   1          TH0 = T0_RELOAD_H;
  36   1          TL0 = T0_RELOAD_L;
  37   1          g_tick_ms++;
  38   1      
  39   1      
  40   1      }
  41          


MODULE INFORMATION:   STATIC OVERLAYABLE
   CODE SIZE        =     91    ----
   CONSTANT SIZE    =   ----    ----
   XDATA SIZE       =   ----    ----
   PDATA SIZE       =   ----    ----
   DATA SIZE        =      4    ----
   IDATA SIZE       =   ----    ----
   BIT SIZE         =   ----    ----
END OF MODULE INFORMATION.


C51 COMPILATION COMPLETE.  0 WARNING(S),  0 ERROR(S)
