BL51 BANKED LINKER/LOCATER V6.22.4.0                                                    01/02/2026  18:35:25  PAGE 1


BL51 BANKED LINKER/LOCATER V6.22.4.0, INVOKED BY:
E:\KEIL_V5\C51\BIN\BL51.EXE .\Objects\app_countdown.obj, .\Objects\bsp_timer0.obj, .\Objects\drv_7seg.obj, .\Objects\mai
>> n.obj, .\Objects\scheduler.obj, .\Objects\svc_countdown.obj, .\Objects\svc_display.obj, .\Objects\drv_key.obj, .\Obje
>> cts\svc_key.obj TO .\Objects\digit_light PRINT (.\Listings\digit_light.m51) RAMSIZE (256)


MEMORY MODEL: SMALL


INPUT MODULES INCLUDED:
  .\Objects\app_countdown.obj (APP_COUNTDOWN)
  .\Objects\bsp_timer0.obj (BSP_TIMER0)
  .\Objects\drv_7seg.obj (DRV_7SEG)
  .\Objects\main.obj (MAIN)
  .\Objects\scheduler.obj (SCHEDULER)
  .\Objects\svc_countdown.obj (SVC_COUNTDOWN)
  .\Objects\svc_display.obj (SVC_DISPLAY)
  .\Objects\drv_key.obj (DRV_KEY)
  .\Objects\svc_key.obj (SVC_KEY)
  E:\KEIL_V5\C51\LIB\C51S.LIB (?C_STARTUP)
  E:\KEIL_V5\C51\LIB\C51S.LIB (?C?UIDIV)
  E:\KEIL_V5\C51\LIB\C51S.LIB (?C?ULCMP)
  E:\KEIL_V5\C51\LIB\C51S.LIB (?C?LSTPTR)
  E:\KEIL_V5\C51\LIB\C51S.LIB (?C?LLDPTR0)
  E:\KEIL_V5\C51\LIB\C51S.LIB (?C_INIT)
  E:\KEIL_V5\C51\LIB\C51S.LIB (?C?LLDIDATA0)
  E:\KEIL_V5\C51\LIB\C51S.LIB (?C?LLDXDATA0)
  E:\KEIL_V5\C51\LIB\C51S.LIB (?C?LLDPDATA0)
  E:\KEIL_V5\C51\LIB\C51S.LIB (?C?LLDCODE0)
  E:\KEIL_V5\C51\LIB\C51S.LIB (?C?LSTIDATA)
  E:\KEIL_V5\C51\LIB\C51S.LIB (?C?LSTXDATA)
  E:\KEIL_V5\C51\LIB\C51S.LIB (?C?LSTPDATA)


LINK MAP OF MODULE:  .\Objects\digit_light (APP_COUNTDOWN)


            TYPE    BASE      LENGTH    RELOCATION   SEGMENT NAME
            -----------------------------------------------------

            * * * * * * *   D A T A   M E M O R Y   * * * * * * *
            REG     0000H     0008H     ABSOLUTE     "REG BANK 0"
            DATA    0008H     0010H     UNIT         ?DT?SVC_DISPLAY
            DATA    0018H     0006H     UNIT         ?DT?SVC_COUNTDOWN
                    001EH     0002H                  *** GAP ***
            BIT     0020H.0   0000H.2   UNIT         ?BI?SVC_COUNTDOWN
            BIT     0020H.2   0000H.1   UNIT         ?BI?SVC_KEY
            BIT     0020H.3   0000H.1   UNIT         _BIT_GROUP_
                    0020H.4   0000H.4                *** GAP ***
            DATA    0021H     001DH     UNIT         _DATA_GROUP_
            DATA    003EH     0005H     UNIT         ?DT?SVC_KEY
            DATA    0043H     0004H     UNIT         ?DT?BSP_TIMER0
            DATA    0047H     0003H     UNIT         ?DT?APP_COUNTDOWN
            IDATA   004AH     0001H     UNIT         ?STACK

            * * * * * * *   C O D E   M E M O R Y   * * * * * * *
            CODE    0000H     0003H     ABSOLUTE     
            CODE    0003H     0007H     UNIT         ?PR?_LATCH_SEG?DRV_7SEG
BL51 BANKED LINKER/LOCATER V6.22.4.0                                                  01/02/2026  18:35:25  PAGE 2


                    000AH     0001H                  *** GAP ***
            CODE    000BH     0003H     ABSOLUTE     
            CODE    000EH     00FAH     UNIT         ?C?LIB_CODE
            CODE    0108H     00A2H     UNIT         ?PR?MAIN?MAIN
            CODE    01AAH     009AH     UNIT         ?PR?_DISPLAY_SETNUMBER?SVC_DISPLAY
            CODE    0244H     008CH     UNIT         ?C_C51STARTUP
            CODE    02D0H     0080H     UNIT         ?PR?KEY_SERVICE_TASK_10MS?SVC_KEY
            CODE    0350H     0073H     UNIT         ?PR?APP_COUNTDOWN_TASK?APP_COUNTDOWN
            CODE    03C3H     0044H     UNIT         ?PR?_TASK_DUE?SCHEDULER
            CODE    0407H     0043H     UNIT         ?C_INITSEG
            CODE    044AH     003FH     UNIT         ?PR?COUNTDOWN_TASK_10MS?SVC_COUNTDOWN
            CODE    0489H     003BH     UNIT         ?PR?TIMER0_ISR?BSP_TIMER0
            CODE    04C4H     001DH     UNIT         ?PR?_DRV_7SEG_OUTPUT?DRV_7SEG
            CODE    04E1H     001AH     UNIT         ?PR?_MAKE_DIGIT_MASK?DRV_7SEG
            CODE    04FBH     0019H     UNIT         ?PR?DISPLAY_SERVICE_TASK?SVC_DISPLAY
            CODE    0514H     0015H     UNIT         ?PR?APP_RESET_TO_IDLE?APP_COUNTDOWN
            CODE    0529H     0013H     UNIT         ?PR?BSP_TIMER0_INIT_1MS?BSP_TIMER0
            CODE    053CH     0011H     UNIT         ?PR?COUNTDOWN_START?SVC_COUNTDOWN
            CODE    054DH     0011H     UNIT         ?PR?KEY_SERVICE_INIT?SVC_KEY
            CODE    055EH     0010H     UNIT         ?PR?_COUNTDOWN_RESET?SVC_COUNTDOWN
            CODE    056EH     000DH     UNIT         ?PR?BSP_GETTICKMS?BSP_TIMER0
            CODE    057BH     000CH     UNIT         ?PR?DRV_7SEG_INIT?DRV_7SEG
            CODE    0587H     0009H     UNIT         ?PR?DISPLAY_SERVICE_INIT?SVC_DISPLAY
            CODE    0590H     0007H     UNIT         ?PR?_LATCH_DIG?DRV_7SEG
            CODE    0597H     0007H     UNIT         ?PR?DRV_KEY_ISPRESSED?DRV_KEY
            CODE    059EH     0006H     UNIT         ?PR?_COUNTDOWN_INIT?SVC_COUNTDOWN
            CODE    05A4H     0006H     UNIT         ?PR?KEY_SERVICE_GETEVENT?SVC_KEY
            CODE    05AAH     0005H     UNIT         ?PR?ALL_DIGITS_OFF?DRV_7SEG
            CODE    05AFH     0005H     UNIT         ?PR?COUNTDOWN_GETREMAINSEC?SVC_COUNTDOWN
            CODE    05B4H     0003H     UNIT         ?PR?APP_COUNTDOWN_INIT?APP_COUNTDOWN
            CODE    05B7H     0003H     UNIT         ?PR?COUNTDOWN_STOP?SVC_COUNTDOWN
            CODE    05BAH     0003H     UNIT         ?PR?COUNTDOWN_ISRUNNING?SVC_COUNTDOWN
            CODE    05BDH     0003H     UNIT         ?PR?COUNTDOWN_ISFINISHED?SVC_COUNTDOWN
            CODE    05C0H     0003H     UNIT         ?PR?DRV_KEY_INIT?DRV_KEY



OVERLAY MAP OF MODULE:   .\Objects\digit_light (APP_COUNTDOWN)


SEGMENT                                             BIT_GROUP          DATA_GROUP 
  +--> CALLED SEGMENT                            START    LENGTH     START    LENGTH
------------------------------------------------------------------------------------
?C_C51STARTUP                                    -----    -----      -----    -----
  +--> ?PR?MAIN?MAIN
  +--> ?C_INITSEG

?PR?MAIN?MAIN                                    -----    -----      0021H    0014H
  +--> ?PR?BSP_TIMER0_INIT_1MS?BSP_TIMER0
  +--> ?PR?DISPLAY_SERVICE_INIT?SVC_DISPLAY
  +--> ?PR?KEY_SERVICE_INIT?SVC_KEY
  +--> ?PR?APP_COUNTDOWN_INIT?APP_COUNTDOWN
  +--> ?PR?BSP_GETTICKMS?BSP_TIMER0
  +--> ?PR?_TASK_DUE?SCHEDULER
  +--> ?PR?DISPLAY_SERVICE_TASK?SVC_DISPLAY
  +--> ?PR?KEY_SERVICE_TASK_10MS?SVC_KEY
  +--> ?PR?COUNTDOWN_TASK_10MS?SVC_COUNTDOWN
BL51 BANKED LINKER/LOCATER V6.22.4.0                                                  01/02/2026  18:35:25  PAGE 3


  +--> ?PR?APP_COUNTDOWN_TASK?APP_COUNTDOWN

?PR?DISPLAY_SERVICE_INIT?SVC_DISPLAY             -----    -----      -----    -----
  +--> ?PR?DRV_7SEG_INIT?DRV_7SEG
  +--> ?PR?_DISPLAY_SETNUMBER?SVC_DISPLAY

?PR?DRV_7SEG_INIT?DRV_7SEG                       -----    -----      -----    -----
  +--> ?PR?ALL_DIGITS_OFF?DRV_7SEG
  +--> ?PR?_LATCH_SEG?DRV_7SEG

?PR?ALL_DIGITS_OFF?DRV_7SEG                      -----    -----      -----    -----
  +--> ?PR?_LATCH_DIG?DRV_7SEG

?PR?_DISPLAY_SETNUMBER?SVC_DISPLAY               -----    -----      0038H    0003H

?PR?KEY_SERVICE_INIT?SVC_KEY                     -----    -----      -----    -----
  +--> ?PR?DRV_KEY_INIT?DRV_KEY

?PR?APP_COUNTDOWN_INIT?APP_COUNTDOWN             -----    -----      -----    -----
  +--> ?PR?APP_RESET_TO_IDLE?APP_COUNTDOWN

?PR?APP_RESET_TO_IDLE?APP_COUNTDOWN              -----    -----      -----    -----
  +--> ?PR?_COUNTDOWN_RESET?SVC_COUNTDOWN
  +--> ?PR?COUNTDOWN_STOP?SVC_COUNTDOWN
  +--> ?PR?_DISPLAY_SETNUMBER?SVC_DISPLAY

?PR?_TASK_DUE?SCHEDULER                          -----    -----      0035H    0009H

?PR?DISPLAY_SERVICE_TASK?SVC_DISPLAY             -----    -----      -----    -----
  +--> ?PR?_DRV_7SEG_OUTPUT?DRV_7SEG

?PR?_DRV_7SEG_OUTPUT?DRV_7SEG                    -----    -----      -----    -----
  +--> ?PR?ALL_DIGITS_OFF?DRV_7SEG
  +--> ?PR?_LATCH_SEG?DRV_7SEG
  +--> ?PR?_MAKE_DIGIT_MASK?DRV_7SEG
  +--> ?PR?_LATCH_DIG?DRV_7SEG

?PR?KEY_SERVICE_TASK_10MS?SVC_KEY                0020H.3  0000H.1    -----    -----
  +--> ?PR?DRV_KEY_ISPRESSED?DRV_KEY

?PR?APP_COUNTDOWN_TASK?APP_COUNTDOWN             -----    -----      0035H    0003H
  +--> ?PR?KEY_SERVICE_GETEVENT?SVC_KEY
  +--> ?PR?COUNTDOWN_GETREMAINSEC?SVC_COUNTDOWN
  +--> ?PR?_DISPLAY_SETNUMBER?SVC_DISPLAY
  +--> ?PR?COUNTDOWN_ISFINISHED?SVC_COUNTDOWN
  +--> ?PR?COUNTDOWN_STOP?SVC_COUNTDOWN
  +--> ?PR?_COUNTDOWN_RESET?SVC_COUNTDOWN
  +--> ?PR?COUNTDOWN_START?SVC_COUNTDOWN
  +--> ?PR?APP_RESET_TO_IDLE?APP_COUNTDOWN



SYMBOL TABLE OF MODULE:  .\Objects\digit_light (APP_COUNTDOWN)

  VALUE           TYPE          NAME
  ----------------------------------

BL51 BANKED LINKER/LOCATER V6.22.4.0                                                  01/02/2026  18:35:25  PAGE 4


  -------         MODULE        APP_COUNTDOWN
  C:0000H         SYMBOL        _ICE_DUMMY_
  C:0514H         SYMBOL        app_reset_to_idle
  D:0047H         SYMBOL        s_start_sec
  C:0350H         PUBLIC        App_Countdown_Task
  C:05B4H         PUBLIC        App_Countdown_Init
  D:0049H         SYMBOL        s_state
  -------         PROC          APP_RESET_TO_IDLE
  C:0514H         LINE#         17
  C:0514H         LINE#         18
  C:0514H         LINE#         19
  C:051BH         LINE#         20
  C:051EH         LINE#         21
  C:0525H         LINE#         22
  C:0528H         LINE#         23
  -------         ENDPROC       APP_RESET_TO_IDLE
  -------         PROC          APP_COUNTDOWN_INIT
  C:05B4H         LINE#         25
  C:05B4H         LINE#         26
  C:05B4H         LINE#         27
  -------         ENDPROC       APP_COUNTDOWN_INIT
  -------         PROC          APP_COUNTDOWN_TASK
  -------         DO            
  D:0035H         SYMBOL        ev
  -------         DO            
  D:0036H         SYMBOL        sec
  -------         ENDDO         
  -------         ENDDO         
  C:0350H         LINE#         30
  C:0350H         LINE#         31
  C:0350H         LINE#         32
  C:0355H         LINE#         35
  C:035AH         LINE#         36
  C:035AH         LINE#         37
  C:035CH         LINE#         39
  C:035CH         LINE#         41
  C:036BH         LINE#         42
  C:036BH         LINE#         43
  C:036BH         LINE#         45
  C:0371H         LINE#         46
  C:0371H         LINE#         47
  C:0371H         LINE#         48
  C:0371H         LINE#         49
  C:0371H         LINE#         50
  C:0373H         LINE#         52
  C:0373H         LINE#         53
  C:0373H         LINE#         54
  C:037AH         LINE#         55
  C:037DH         LINE#         57
  C:0382H         LINE#         58
  C:0382H         LINE#         59
  C:0388H         LINE#         60
  C:038BH         LINE#         61
  C:038CH         LINE#         62
  C:038CH         LINE#         65
  C:0392H         LINE#         66
  C:0392H         LINE#         67
BL51 BANKED LINKER/LOCATER V6.22.4.0                                                  01/02/2026  18:35:25  PAGE 5


  C:0395H         LINE#         68
  C:0398H         LINE#         69
  C:0398H         LINE#         70
  C:0398H         LINE#         71
  C:0399H         LINE#         73
  C:0399H         LINE#         75
  C:039FH         LINE#         78
  C:03A4H         LINE#         79
  C:03A4H         LINE#         80
  C:03A4H         LINE#         81
  C:03A4H         LINE#         82
  C:03A4H         LINE#         83
  C:03A6H         LINE#         85
  C:03A6H         LINE#         87
  C:03ACH         LINE#         89
  C:03B1H         LINE#         90
  C:03B1H         LINE#         91
  C:03B8H         LINE#         92
  C:03BBH         LINE#         93
  C:03BEH         LINE#         94
  C:03BEH         LINE#         95
  C:03BFH         LINE#         97
  C:03BFH         LINE#         98
  C:03C2H         LINE#         99
  C:03C2H         LINE#         100
  C:03C2H         LINE#         101
  -------         ENDPROC       APP_COUNTDOWN_TASK
  -------         ENDMOD        APP_COUNTDOWN

  -------         MODULE        BSP_TIMER0
  C:0000H         SYMBOL        _ICE_DUMMY_
  D:0090H         PUBLIC        P1
  D:00B0H         PUBLIC        P3
  C:0489H         PUBLIC        timer0_isr
  B:00A8H.7       PUBLIC        EA
  D:00A8H         PUBLIC        IE
  D:00B8H         PUBLIC        IP
  D:0098H         PUBLIC        SCON
  D:0089H         PUBLIC        TMOD
  D:0088H         PUBLIC        TCON
  D:0043H         SYMBOL        g_tick_ms
  C:056EH         PUBLIC        BSP_GetTickMs
  B:00A8H.1       PUBLIC        ET0
  D:008CH         PUBLIC        TH0
  D:008AH         PUBLIC        TL0
  B:0088H.4       PUBLIC        TR0
  C:0529H         PUBLIC        BSP_Timer0_Init_1ms
  D:00C8H         PUBLIC        T2CON
  D:00D0H         PUBLIC        PSW
  -------         PROC          BSP_TIMER0_INIT_1MS
  C:0529H         LINE#         11
  C:0529H         LINE#         12
  C:0529H         LINE#         13
  C:052CH         LINE#         14
  C:052FH         LINE#         16
  C:0532H         LINE#         17
  C:0535H         LINE#         19
BL51 BANKED LINKER/LOCATER V6.22.4.0                                                  01/02/2026  18:35:25  PAGE 6


  C:0537H         LINE#         20
  C:0539H         LINE#         21
  C:053BH         LINE#         22
  -------         ENDPROC       BSP_TIMER0_INIT_1MS
  -------         PROC          BSP_GETTICKMS
  -------         DO            
  D:0004H         SYMBOL        t
  -------         ENDDO         
  C:056EH         LINE#         24
  C:056EH         LINE#         25
  C:056EH         LINE#         27
  C:0570H         LINE#         28
  C:0578H         LINE#         29
  C:057AH         LINE#         30
  C:057AH         LINE#         31
  -------         ENDPROC       BSP_GETTICKMS
  -------         PROC          TIMER0_ISR
  C:0489H         LINE#         33
  C:0498H         LINE#         35
  C:049BH         LINE#         36
  C:049EH         LINE#         37
  C:04B7H         LINE#         40
  -------         ENDPROC       TIMER0_ISR
  -------         ENDMOD        BSP_TIMER0

  -------         MODULE        DRV_7SEG
  C:0000H         SYMBOL        _ICE_DUMMY_
  D:0080H         PUBLIC        P0
  D:0090H         PUBLIC        P1
  D:00A0H         PUBLIC        P2
  D:00B0H         PUBLIC        P3
  D:00A8H         PUBLIC        IE
  D:00B8H         PUBLIC        IP
  C:04C4H         PUBLIC        _DRV_7Seg_Output
  C:057BH         PUBLIC        DRV_7Seg_Init
  C:04E1H         SYMBOL        _make_digit_mask
  C:0590H         SYMBOL        _latch_dig
  C:0003H         SYMBOL        _latch_seg
  D:0098H         PUBLIC        SCON
  D:0088H         PUBLIC        TCON
  C:05AAH         SYMBOL        all_digits_off
  B:00A0H.7       PUBLIC        DIG_LE
  B:00A0H.6       PUBLIC        SEG_LE
  D:00C8H         PUBLIC        T2CON
  D:00D0H         PUBLIC        PSW
  -------         PROC          _MAKE_DIGIT_MASK
  D:0007H         SYMBOL        idx
  -------         DO            
  D:0006H         SYMBOL        m
  -------         ENDDO         
  C:04E1H         LINE#         17
  C:04E1H         LINE#         18
  C:04E1H         LINE#         19
  C:04E3H         LINE#         20
  C:04F5H         LINE#         22
  C:04F8H         LINE#         23
  C:04FAH         LINE#         24
BL51 BANKED LINKER/LOCATER V6.22.4.0                                                  01/02/2026  18:35:25  PAGE 7


  -------         ENDPROC       _MAKE_DIGIT_MASK
  -------         PROC          _LATCH_SEG
  D:0007H         SYMBOL        seg
  C:0003H         LINE#         26
  C:0003H         LINE#         27
  C:0003H         LINE#         28
  C:0005H         LINE#         29
  C:0009H         LINE#         30
  -------         ENDPROC       _LATCH_SEG
  -------         PROC          _LATCH_DIG
  D:0007H         SYMBOL        dig
  C:0590H         LINE#         32
  C:0590H         LINE#         33
  C:0590H         LINE#         34
  C:0592H         LINE#         35
  C:0596H         LINE#         36
  -------         ENDPROC       _LATCH_DIG
  -------         PROC          ALL_DIGITS_OFF
  C:05AAH         LINE#         38
  C:05AAH         LINE#         39
  C:05AAH         LINE#         40
  -------         ENDPROC       ALL_DIGITS_OFF
  -------         PROC          DRV_7SEG_INIT
  C:057BH         LINE#         43
  C:057BH         LINE#         44
  C:057BH         LINE#         45
  C:057DH         LINE#         46
  C:057FH         LINE#         47
  C:0582H         LINE#         48
  -------         ENDPROC       DRV_7SEG_INIT
  -------         PROC          _DRV_7SEG_OUTPUT
  D:0004H         SYMBOL        digit_index
  D:0005H         SYMBOL        seg_code
  -------         DO            
  D:0005H         SYMBOL        seg
  D:0006H         SYMBOL        dig
  -------         ENDDO         
  C:04C4H         LINE#         51
  C:04C6H         LINE#         52
  C:04C6H         LINE#         53
  C:04C6H         LINE#         57
  C:04C6H         LINE#         60
  C:04C9H         LINE#         63
  C:04CEH         LINE#         66
  C:04D1H         LINE#         67
  C:04D5H         LINE#         69
  C:04DCH         LINE#         71
  -------         ENDPROC       _DRV_7SEG_OUTPUT
  -------         ENDMOD        DRV_7SEG

  -------         MODULE        MAIN
  C:0000H         SYMBOL        _ICE_DUMMY_
  C:0108H         PUBLIC        main
  -------         PROC          MAIN
  -------         DO            
  D:0021H         SYMBOL        t_disp
  D:0025H         SYMBOL        t_cd
BL51 BANKED LINKER/LOCATER V6.22.4.0                                                  01/02/2026  18:35:25  PAGE 8


  D:0029H         SYMBOL        t_key
  D:002DH         SYMBOL        t_app
  -------         DO            
  D:0031H         SYMBOL        now
  -------         ENDDO         
  -------         ENDDO         
  C:0108H         LINE#         10
  C:0108H         LINE#         11
  C:0108H         LINE#         12
  C:0111H         LINE#         13
  C:0119H         LINE#         14
  C:0121H         LINE#         15
  C:0129H         LINE#         17
  C:012CH         LINE#         18
  C:012FH         LINE#         19
  C:0132H         LINE#         20
  C:0135H         LINE#         22
  C:0135H         LINE#         23
  C:0135H         LINE#         24
  C:0140H         LINE#         26
  C:0151H         LINE#         27
  C:0154H         LINE#         29
  C:016DH         LINE#         30
  C:0170H         LINE#         32
  C:0189H         LINE#         33
  C:018CH         LINE#         35
  C:01A5H         LINE#         36
  C:01A8H         LINE#         37
  -------         ENDPROC       MAIN
  -------         ENDMOD        MAIN

  -------         MODULE        SCHEDULER
  C:0000H         SYMBOL        _ICE_DUMMY_
  C:03C3H         PUBLIC        _task_due
  -------         PROC          _TASK_DUE
  D:0035H         SYMBOL        now_ms
  D:0039H         SYMBOL        last_ms
  D:003CH         SYMBOL        period_ms
  C:03C3H         LINE#         4
  C:03D1H         LINE#         5
  C:03D1H         LINE#         6
  C:03F2H         LINE#         7
  C:03F2H         LINE#         8
  C:0403H         LINE#         9
  C:0405H         LINE#         10
  C:0405H         LINE#         11
  C:0406H         LINE#         12
  -------         ENDPROC       _TASK_DUE
  -------         ENDMOD        SCHEDULER

  -------         MODULE        SVC_COUNTDOWN
  C:0000H         SYMBOL        _ICE_DUMMY_
  D:0018H         SYMBOL        g_acc_10ms
  C:05BDH         PUBLIC        Countdown_IsFinished
  D:001AH         SYMBOL        g_start_sec
  B:0020H.0       SYMBOL        g_finished
  C:055EH         PUBLIC        _Countdown_Reset
BL51 BANKED LINKER/LOCATER V6.22.4.0                                                  01/02/2026  18:35:25  PAGE 9


  C:053CH         PUBLIC        Countdown_Start
  C:059EH         PUBLIC        _Countdown_Init
  C:05AFH         PUBLIC        Countdown_GetRemainSec
  C:05BAH         PUBLIC        Countdown_IsRunning
  B:0020H.1       SYMBOL        g_running
  C:05B7H         PUBLIC        Countdown_Stop
  C:044AH         PUBLIC        Countdown_Task_10ms
  D:001CH         SYMBOL        g_remain_sec
  -------         PROC          _COUNTDOWN_INIT
  D:0006H         SYMBOL        start_sec
  C:059EH         LINE#         11
  C:059EH         LINE#         12
  C:059EH         LINE#         13
  C:05A1H         LINE#         14
  -------         ENDPROC       _COUNTDOWN_INIT
  -------         PROC          _COUNTDOWN_RESET
  D:0006H         SYMBOL        start_sec
  C:055EH         LINE#         17
  C:055EH         LINE#         18
  C:055EH         LINE#         19
  C:0562H         LINE#         20
  C:0566H         LINE#         21
  C:0568H         LINE#         22
  C:056DH         LINE#         23
  -------         ENDPROC       _COUNTDOWN_RESET
  -------         PROC          COUNTDOWN_START
  C:053CH         LINE#         25
  C:053CH         LINE#         26
  C:053CH         LINE#         27
  C:0542H         LINE#         28
  C:0548H         LINE#         30
  C:054AH         LINE#         31
  C:054CH         LINE#         32
  -------         ENDPROC       COUNTDOWN_START
  -------         PROC          COUNTDOWN_STOP
  C:05B7H         LINE#         34
  C:05B7H         LINE#         35
  C:05B7H         LINE#         36
  C:05B9H         LINE#         37
  -------         ENDPROC       COUNTDOWN_STOP
  -------         PROC          COUNTDOWN_GETREMAINSEC
  C:05AFH         LINE#         39
  C:05AFH         LINE#         40
  C:05AFH         LINE#         41
  C:05B3H         LINE#         42
  -------         ENDPROC       COUNTDOWN_GETREMAINSEC
  -------         PROC          COUNTDOWN_ISRUNNING
  C:05BAH         LINE#         44
  C:05BAH         LINE#         45
  C:05BAH         LINE#         46
  C:05BCH         LINE#         47
  -------         ENDPROC       COUNTDOWN_ISRUNNING
  -------         PROC          COUNTDOWN_ISFINISHED
  C:05BDH         LINE#         49
  C:05BDH         LINE#         50
  C:05BDH         LINE#         51
  C:05BFH         LINE#         52
BL51 BANKED LINKER/LOCATER V6.22.4.0                                                  01/02/2026  18:35:25  PAGE 10


  -------         ENDPROC       COUNTDOWN_ISFINISHED
  -------         PROC          COUNTDOWN_TASK_10MS
  C:044AH         LINE#         55
  C:044AH         LINE#         56
  C:044AH         LINE#         57
  C:0450H         LINE#         59
  C:045BH         LINE#         60
  C:0466H         LINE#         61
  C:0466H         LINE#         62
  C:046BH         LINE#         63
  C:0476H         LINE#         64
  C:0476H         LINE#         65
  C:047EH         LINE#         66
  C:0484H         LINE#         67
  C:0484H         LINE#         68
  C:0486H         LINE#         69
  C:0488H         LINE#         70
  C:0488H         LINE#         71
  C:0488H         LINE#         72
  C:0488H         LINE#         73
  -------         ENDPROC       COUNTDOWN_TASK_10MS
  -------         ENDMOD        SVC_COUNTDOWN

  -------         MODULE        SVC_DISPLAY
  C:0000H         SYMBOL        _ICE_DUMMY_
  D:0008H         SYMBOL        g_buf
  C:04FBH         PUBLIC        Display_Service_Task
  C:0587H         PUBLIC        Display_Service_Init
  D:000CH         SYMBOL        g_scan_idx
  D:000DH         SYMBOL        SEG_TAB
  C:01AAH         PUBLIC        _Display_SetNumber
  -------         PROC          DISPLAY_SERVICE_INIT
  C:0587H         LINE#         24
  C:0587H         LINE#         25
  C:0587H         LINE#         26
  C:058AH         LINE#         27
  -------         ENDPROC       DISPLAY_SERVICE_INIT
  -------         PROC          _DISPLAY_SETNUMBER
  D:0002H         SYMBOL        num
  -------         DO            
  D:0038H         SYMBOL        d0
  D:0039H         SYMBOL        d1
  D:003AH         SYMBOL        d2
  D:0007H         SYMBOL        d3
  -------         ENDDO         
  C:01AAH         LINE#         36
  C:01AEH         LINE#         37
  C:01AEH         LINE#         40
  C:01BBH         LINE#         42
  C:01C8H         LINE#         43
  C:01DCH         LINE#         44
  C:01F0H         LINE#         45
  C:01FDH         LINE#         48
  C:020EH         LINE#         49
  C:0223H         LINE#         50
  C:023CH         LINE#         51
  C:0243H         LINE#         52
BL51 BANKED LINKER/LOCATER V6.22.4.0                                                  01/02/2026  18:35:25  PAGE 11


  -------         ENDPROC       _DISPLAY_SETNUMBER
  -------         PROC          DISPLAY_SERVICE_TASK
  C:04FBH         LINE#         54
  C:04FBH         LINE#         55
  C:04FBH         LINE#         57
  C:0507H         LINE#         58
  C:0509H         LINE#         59
  C:0513H         LINE#         60
  -------         ENDPROC       DISPLAY_SERVICE_TASK
  -------         ENDMOD        SVC_DISPLAY

  -------         MODULE        DRV_KEY
  C:0000H         SYMBOL        _ICE_DUMMY_
  D:0090H         PUBLIC        P1
  D:00B0H         PUBLIC        P3
  D:00A8H         PUBLIC        IE
  D:00B8H         PUBLIC        IP
  B:00B0H.0       PUBLIC        KEY1
  D:0098H         PUBLIC        SCON
  D:0088H         PUBLIC        TCON
  D:00C8H         PUBLIC        T2CON
  C:05C0H         PUBLIC        DRV_Key_Init
  C:0597H         PUBLIC        DRV_Key_IsPressed
  D:00D0H         PUBLIC        PSW
  -------         PROC          DRV_KEY_INIT
  C:05C0H         LINE#         9
  C:05C0H         LINE#         10
  C:05C0H         LINE#         11
  C:05C2H         LINE#         12
  -------         ENDPROC       DRV_KEY_INIT
  -------         PROC          DRV_KEY_ISPRESSED
  C:0597H         LINE#         14
  C:0597H         LINE#         15
  C:0597H         LINE#         16
  C:059DH         LINE#         17
  -------         ENDPROC       DRV_KEY_ISPRESSED
  -------         ENDMOD        DRV_KEY

  -------         MODULE        SVC_KEY
  C:0000H         SYMBOL        _ICE_DUMMY_
  D:003EH         SYMBOL        s_down_ticks
  D:0040H         SYMBOL        s_db_cnt
  C:054DH         PUBLIC        Key_Service_Init
  C:05A4H         PUBLIC        Key_Service_GetEvent
  B:0020H.2       SYMBOL        s_long_fired
  D:0041H         SYMBOL        s_state
  D:0042H         SYMBOL        s_event
  C:02D0H         PUBLIC        Key_Service_Task_10ms
  -------         PROC          KEY_SERVICE_INIT
  C:054DH         LINE#         24
  C:054DH         LINE#         25
  C:054DH         LINE#         26
  C:0550H         LINE#         27
  C:0553H         LINE#         28
  C:0555H         LINE#         29
  C:0559H         LINE#         30
  C:055BH         LINE#         31
BL51 BANKED LINKER/LOCATER V6.22.4.0                                                  01/02/2026  18:35:25  PAGE 12


  C:055DH         LINE#         32
  -------         ENDPROC       KEY_SERVICE_INIT
  -------         PROC          KEY_SERVICE_GETEVENT
  -------         DO            
  D:0007H         SYMBOL        e
  -------         ENDDO         
  C:05A4H         LINE#         34
  C:05A4H         LINE#         35
  C:05A4H         LINE#         36
  C:05A6H         LINE#         37
  C:05A9H         LINE#         38
  C:05A9H         LINE#         39
  -------         ENDPROC       KEY_SERVICE_GETEVENT
  -------         PROC          KEY_SERVICE_TASK_10MS
  -------         DO            
  B:0020H.3       SYMBOL        pressed
  -------         ENDDO         
  C:02D0H         LINE#         41
  C:02D0H         LINE#         42
  C:02D0H         LINE#         43
  C:02D5H         LINE#         45
  C:02E4H         LINE#         46
  C:02E4H         LINE#         47
  C:02E4H         LINE#         48
  C:02E7H         LINE#         49
  C:02E7H         LINE#         50
  C:02EAH         LINE#         51
  C:02EAH         LINE#         52
  C:02EAH         LINE#         53
  C:02ECH         LINE#         55
  C:02ECH         LINE#         56
  C:02EFH         LINE#         57
  C:02EFH         LINE#         58
  C:02F1H         LINE#         59
  C:02F8H         LINE#         60
  C:02F8H         LINE#         61
  C:02FBH         LINE#         62
  C:0300H         LINE#         63
  C:0302H         LINE#         64
  C:0302H         LINE#         65
  C:0303H         LINE#         72
  C:0303H         LINE#         73
  C:0306H         LINE#         74
  C:0306H         LINE#         75
  C:0319H         LINE#         78
  C:0327H         LINE#         79
  C:0327H         LINE#         80
  C:0329H         LINE#         81
  C:032CH         LINE#         82
  C:032CH         LINE#         83
  C:032DH         LINE#         85
  C:032DH         LINE#         86
  C:0330H         LINE#         87
  C:0333H         LINE#         88
  C:0333H         LINE#         89
  C:0334H         LINE#         91
  C:0334H         LINE#         92
BL51 BANKED LINKER/LOCATER V6.22.4.0                                                  01/02/2026  18:35:25  PAGE 13


  C:0337H         LINE#         93
  C:0337H         LINE#         94
  C:0339H         LINE#         95
  C:0340H         LINE#         96
  C:0340H         LINE#         98
  C:0343H         LINE#         99
  C:0346H         LINE#         101
  C:0346H         LINE#         102
  C:0346H         LINE#         103
  C:0348H         LINE#         105
  C:0348H         LINE#         106
  C:034BH         LINE#         107
  C:034BH         LINE#         108
  C:034CH         LINE#         110
  C:034CH         LINE#         111
  C:034FH         LINE#         112
  C:034FH         LINE#         113
  C:034FH         LINE#         114
  -------         ENDPROC       KEY_SERVICE_TASK_10MS
  -------         ENDMOD        SVC_KEY

  -------         MODULE        ?C?UIDIV
  C:000EH         PUBLIC        ?C?UIDIV
  -------         ENDMOD        ?C?UIDIV

  -------         MODULE        ?C?ULCMP
  C:0063H         PUBLIC        ?C?ULCMP
  -------         ENDMOD        ?C?ULCMP

  -------         MODULE        ?C?LSTPTR
  C:0074H         PUBLIC        ?C?LSTPTR
  -------         ENDMOD        ?C?LSTPTR

  -------         MODULE        ?C?LLDPTR0
  C:008EH         PUBLIC        ?C?LLDPTR0
  -------         ENDMOD        ?C?LLDPTR0

  -------         MODULE        ?C?LLDIDATA0
  C:00AEH         PUBLIC        ?C?LLDIDATA0
  -------         ENDMOD        ?C?LLDIDATA0

  -------         MODULE        ?C?LLDXDATA0
  C:00BBH         PUBLIC        ?C?LLDXDATA0
  -------         ENDMOD        ?C?LLDXDATA0

  -------         MODULE        ?C?LLDPDATA0
  C:00C7H         PUBLIC        ?C?LLDPDATA0
  -------         ENDMOD        ?C?LLDPDATA0

  -------         MODULE        ?C?LLDCODE0
  C:00D4H         PUBLIC        ?C?LLDCODE0
  -------         ENDMOD        ?C?LLDCODE0

  -------         MODULE        ?C?LSTIDATA
  C:00E4H         PUBLIC        ?C?LSTIDATA
  -------         ENDMOD        ?C?LSTIDATA

BL51 BANKED LINKER/LOCATER V6.22.4.0                                                  01/02/2026  18:35:25  PAGE 14


  -------         MODULE        ?C?LSTXDATA
  C:00F0H         PUBLIC        ?C?LSTXDATA
  -------         ENDMOD        ?C?LSTXDATA

  -------         MODULE        ?C?LSTPDATA
  C:00FCH         PUBLIC        ?C?LSTPDATA
  -------         ENDMOD        ?C?LSTPDATA

*** WARNING L16: UNCALLED SEGMENT, IGNORED FOR OVERLAY PROCESS
    SEGMENT: ?PR?_COUNTDOWN_INIT?SVC_COUNTDOWN

*** WARNING L16: UNCALLED SEGMENT, IGNORED FOR OVERLAY PROCESS
    SEGMENT: ?PR?COUNTDOWN_ISRUNNING?SVC_COUNTDOWN

Program Size: data=72.4 xdata=0 code=1474
LINK/LOCATE RUN COMPLETE.  2 WARNING(S),  0 ERROR(S)
