C51 COMPILER V9.60.7.0   SCHEDULER                                                         01/02/2026 18:35:24 PAGE 1   


C51 COMPILER V9.60.7.0, COMPILATION OF MODULE SCHEDULER
OBJECT MODULE PLACED IN .\Objects\scheduler.obj
COMPILER INVOKED BY: E:\Keil_V5\C51\BIN\C51.EXE src\scheduler.c OPTIMIZE(8,SPEED) BROWSE DEBUG OBJECTEXTEND PRINT(.\List
                    -ings\scheduler.lst) TABS(2) OBJECT(.\Objects\scheduler.obj)

line level    source

   1          // scheduler.c
   2          #include "scheduler.h"
   3          
   4          bool task_due(u32 now_ms, u32 *last_ms, u16 period_ms)
   5          {
   6   1          if ((u32)(now_ms - *last_ms) >= period_ms)
   7   1          {
   8   2              *last_ms = now_ms;
   9   2              return true;
  10   2          }
  11   1          return false;
  12   1      }


MODULE INFORMATION:   STATIC OVERLAYABLE
   CODE SIZE        =     68    ----
   CONSTANT SIZE    =   ----    ----
   XDATA SIZE       =   ----    ----
   PDATA SIZE       =   ----    ----
   DATA SIZE        =   ----       9
   IDATA SIZE       =   ----    ----
   BIT SIZE         =   ----    ----
END OF MODULE INFORMATION.


C51 COMPILATION COMPLETE.  0 WARNING(S),  0 ERROR(S)
